// Jest Snapshot v1, https://goo.gl/fbAQLP

exports[`Given the NotFoundPage When it is rendered Then it should match the snapshot 1`] = `
Object {
  "asFragment": [Function],
  "baseElement": <body>
    <div>
      <div
        class="css-w004l2-MuiStack-root"
      >
        <p
          class="MuiTypography-root MuiTypography-body1 css-1y2wcwp-MuiTypography-root"
        >
          404
        </p>
        <p
          class="MuiTypography-root MuiTypography-body1 css-1bbgn34-MuiTypography-root"
        >
          THIS PAGE DOESN’T EXISTS
        </p>
        <p
          class="MuiTypography-root MuiTypography-body1 css-r2cpg4-MuiTypography-root"
        >
          Go to
           
          <a
            class="MuiTypography-root MuiTypography-inherit MuiLink-root MuiLink-underlineAlways css-1ps4owl-MuiTypography-root-MuiLink-root"
            href="/"
          >
            home
          </a>
        </p>
      </div>
    </div>
  </body>,
  "container": <div>
    <div
      class="css-w004l2-MuiStack-root"
    >
      <p
        class="MuiTypography-root MuiTypography-body1 css-1y2wcwp-MuiTypography-root"
      >
        404
      </p>
      <p
        class="MuiTypography-root MuiTypography-body1 css-1bbgn34-MuiTypography-root"
      >
        THIS PAGE DOESN’T EXISTS
      </p>
      <p
        class="MuiTypography-root MuiTypography-body1 css-r2cpg4-MuiTypography-root"
      >
        Go to
         
        <a
          class="MuiTypography-root MuiTypography-inherit MuiLink-root MuiLink-underlineAlways css-1ps4owl-MuiTypography-root-MuiLink-root"
          href="/"
        >
          home
        </a>
      </p>
    </div>
  </div>,
  "debug": [Function],
  "findAllByAltText": [Function],
  "findAllByDisplayValue": [Function],
  "findAllByLabelText": [Function],
  "findAllByPlaceholderText": [Function],
  "findAllByRole": [Function],
  "findAllByTestId": [Function],
  "findAllByText": [Function],
  "findAllByTitle": [Function],
  "findByAltText": [Function],
  "findByDisplayValue": [Function],
  "findByLabelText": [Function],
  "findByPlaceholderText": [Function],
  "findByRole": [Function],
  "findByTestId": [Function],
  "findByText": [Function],
  "findByTitle": [Function],
  "getAllByAltText": [Function],
  "getAllByDisplayValue": [Function],
  "getAllByLabelText": [Function],
  "getAllByPlaceholderText": [Function],
  "getAllByRole": [Function],
  "getAllByTestId": [Function],
  "getAllByText": [Function],
  "getAllByTitle": [Function],
  "getByAltText": [Function],
  "getByDisplayValue": [Function],
  "getByLabelText": [Function],
  "getByPlaceholderText": [Function],
  "getByRole": [Function],
  "getByTestId": [Function],
  "getByText": [Function],
  "getByTitle": [Function],
  "queryAllByAltText": [Function],
  "queryAllByDisplayValue": [Function],
  "queryAllByLabelText": [Function],
  "queryAllByPlaceholderText": [Function],
  "queryAllByRole": [Function],
  "queryAllByTestId": [Function],
  "queryAllByText": [Function],
  "queryAllByTitle": [Function],
  "queryByAltText": [Function],
  "queryByDisplayValue": [Function],
  "queryByLabelText": [Function],
  "queryByPlaceholderText": [Function],
  "queryByRole": [Function],
  "queryByTestId": [Function],
  "queryByText": [Function],
  "queryByTitle": [Function],
  "rerender": [Function],
  "store": Object {
    "@@observable": [Function],
    "dispatch": [Function],
    "getState": [Function],
    "replaceReducer": [Function],
    "subscribe": [Function],
  },
  "unmount": [Function],
}
`;
